// Jest Snapshot v1, https://goo.gl/fbAQLP

exports[`<Form/> should render a form with four fields without crashing 1`] = `
<div>
  <div
    className="field"
  >
    <label>
      Email
    </label>
    <div
      className="ui input"
    >
      <input
        onChange={[Function]}
        placeholder="Email"
        type="text"
      />
    </div>
    <div
      className="field"
    >
      <label>
        Username
      </label>
      <div
        className="ui input"
      >
        <input
          onChange={[Function]}
          placeholder="Username"
          type="text"
        />
      </div>
      <div
        className="field"
      >
        <label>
          Password
        </label>
        <div
          className="ui input"
        >
          <input
            onChange={[Function]}
            placeholder="Password"
            type="text"
          />
        </div>
      </div>
      <div
        className="field"
      >
        <label>
          Repeat Password
        </label>
        <div
          className="ui input"
        >
          <input
            onChange={[Function]}
            placeholder="Repeat Password"
            type="text"
          />
        </div>
      </div>
    </div>
  </div>
</div>
`;
